ABB 2012-12: Zero interest expense, ICR set to 999 (Debt Free)
ABB 2014-03: Zero interest expense, ICR set to 999 (Debt Free)
ABB 2015-03: Zero interest expense, ICR set to 999 (Debt Free)
ABB 2024-09: Zero interest expense, ICR set to 999 (Debt Free)
ADANIENSOL 2014-03: Zero interest expense, ICR set to 999 (Debt Free)
ADANIENSOL 2024-09: Zero interest expense, ICR set to 999 (Debt Free)
ADANIENT 2024-09: Zero interest expense, ICR set to 999 (Debt Free)
ADANIGREEN 2024-09: Zero interest expense, ICR set to 999 (Debt Free)
ADANIPORTS 2024-09: Zero interest expense, ICR set to 999 (Debt Free)
ADANIPOWER 2024-09: Zero interest expense, ICR set to 999 (Debt Free)
AMBUJACEM 2024-09: Zero interest expense, ICR set to 999 (Debt Free)
APOLLOHOSP 2024-09: Zero interest expense, ICR set to 999 (Debt Free)
ASIANPAINT 2024-09: Zero interest expense, ICR set to 999 (Debt Free)
ATGL 2024-09: Zero interest expense, ICR set to 999 (Debt Free)
BAJAJ-AUTO 2024-09: Zero interest expense, ICR set to 999 (Debt Free)
BAJAJFINSV 2024-09: Zero interest expense, ICR set to 999 (Debt Free)
BAJAJHLDNG 2013-03: Zero interest expense, ICR set to 999 (Debt Free)
BAJAJHLDNG 2014-03: Zero interest expense, ICR set to 999 (Debt Free)
BAJAJHLDNG 2015-03: Zero interest expense, ICR set to 999 (Debt Free)
BAJAJHLDNG 2016-03: Zero interest expense, ICR set to 999 (Debt Free)
BAJAJHLDNG 2017-03: Zero interest expense, ICR set to 999 (Debt Free)
BAJAJHLDNG 2018-03: Zero interest expense, ICR set to 999 (Debt Free)
BAJAJHLDNG 2019-03: Zero interest expense, ICR set to 999 (Debt Free)
BAJAJHLDNG 2024-09: Zero interest expense, ICR set to 999 (Debt Free)
BAJFINANCE 2024-09: Zero interest expense, ICR set to 999 (Debt Free)
BEL 2024-09: Zero interest expense, ICR set to 999 (Debt Free)
BHARTIARTL 2024-09: Zero interest expense, ICR set to 999 (Debt Free)
BHEL 2024-09: Zero interest expense, ICR set to 999 (Debt Free)
BOSCHLTD 2013-12: Zero interest expense, ICR set to 999 (Debt Free)
BOSCHLTD 2024-09: Zero interest expense, ICR set to 999 (Debt Free)
BPCL 2024-09: Zero interest expense, ICR set to 999 (Debt Free)
BRITANNIA 2024-09: Zero interest expense, ICR set to 999 (Debt Free)
CHOLAFIN 2015-03: Zero interest expense, ICR set to 999 (Debt Free)
CHOLAFIN 2018-03: Zero interest expense, ICR set to 999 (Debt Free)
CHOLAFIN 2020-03: Zero interest expense, ICR set to 999 (Debt Free)
CHOLAFIN 2024-09: Zero interest expense, ICR set to 999 (Debt Free)
CIPLA 2024-09: Zero interest expense, ICR set to 999 (Debt Free)
COALINDIA 2024-09: Zero interest expense, ICR set to 999 (Debt Free)
DABUR 2024-09: Zero interest expense, ICR set to 999 (Debt Free)
DIVISLAB 2024-09: Zero interest expense, ICR set to 999 (Debt Free)
DLF 2024-09: Zero interest expense, ICR set to 999 (Debt Free)
DMART 2024-09: Zero interest expense, ICR set to 999 (Debt Free)
DRREDDY 2024-09: Zero interest expense, ICR set to 999 (Debt Free)
EICHERMOT 2024-09: Zero interest expense, ICR set to 999 (Debt Free)
GAIL 2024-09: Zero interest expense, ICR set to 999 (Debt Free)
GODREJCP 2024-09: Zero interest expense, ICR set to 999 (Debt Free)
GRASIM 2024-09: Zero interest expense, ICR set to 999 (Debt Free)
HAL 2013-03: Negative or zero equity (nan), ROE set to None
HAL 2014-03: Negative or zero equity (nan), ROE set to None
HAL 2015-03: Negative or zero equity (nan), ROE set to None
HAL 2024-09: Zero interest expense, ICR set to 999 (Debt Free)
HAVELLS 2024-09: Zero interest expense, ICR set to 999 (Debt Free)
HCLTECH 2024-09: Zero interest expense, ICR set to 999 (Debt Free)
HDFCLIFE 2024-09: Zero interest expense, ICR set to 999 (Debt Free)
HEROMOTOCO 2024-09: Zero interest expense, ICR set to 999 (Debt Free)
HINDALCO 2024-09: Zero interest expense, ICR set to 999 (Debt Free)
HINDUNILVR 2024-09: Zero interest expense, ICR set to 999 (Debt Free)
ICICIGI 2016-03: Zero interest expense, ICR set to 999 (Debt Free)
ICICIGI 2024-09: Zero interest expense, ICR set to 999 (Debt Free)
ICICIPRULI 2016-03: Zero interest expense, ICR set to 999 (Debt Free)
ICICIPRULI 2024-09: Zero interest expense, ICR set to 999 (Debt Free)
INDIGO 2024-09: Zero interest expense, ICR set to 999 (Debt Free)
INFY 2016-03: Zero interest expense, ICR set to 999 (Debt Free)
INFY 2017-03: Zero interest expense, ICR set to 999 (Debt Free)
INFY 2018-03: Zero interest expense, ICR set to 999 (Debt Free)
INFY 2019-03: Zero interest expense, ICR set to 999 (Debt Free)
INFY 2024-09: Zero interest expense, ICR set to 999 (Debt Free)
IOC 2024-09: Zero interest expense, ICR set to 999 (Debt Free)
IRCTC 2015-03: Zero interest expense, ICR set to 999 (Debt Free)
IRCTC 2016-03: Zero interest expense, ICR set to 999 (Debt Free)
IRCTC 2024-09: Zero interest expense, ICR set to 999 (Debt Free)
IRFC 2024-09: Zero interest expense, ICR set to 999 (Debt Free)
ITC 2024-09: Zero interest expense, ICR set to 999 (Debt Free)
JINDALSTEL 2024-09: Zero interest expense, ICR set to 999 (Debt Free)
JIOFIN 2023-03: Zero interest expense, ICR set to 999 (Debt Free)
JIOFIN 2024-09: Zero interest expense, ICR set to 999 (Debt Free)
JSWENERGY 2024-09: Zero interest expense, ICR set to 999 (Debt Free)
JSWSTEEL 2024-09: Zero interest expense, ICR set to 999 (Debt Free)
LICI 2019-03: Zero interest expense, ICR set to 999 (Debt Free)
LICI 2020-03: Zero interest expense, ICR set to 999 (Debt Free)
LICI 2021-03: Zero interest expense, ICR set to 999 (Debt Free)
LICI 2022-03: Zero interest expense, ICR set to 999 (Debt Free)
LICI 2024-09: Zero interest expense, ICR set to 999 (Debt Free)
LODHA 2024-09: Zero interest expense, ICR set to 999 (Debt Free)
LT 2024-09: Zero interest expense, ICR set to 999 (Debt Free)
LTIM 2024-09: Zero interest expense, ICR set to 999 (Debt Free)
M&M 2024-09: Zero interest expense, ICR set to 999 (Debt Free)
MARUTI 2024-09: Zero interest expense, ICR set to 999 (Debt Free)
MOTHERSON 2024-09: Zero interest expense, ICR set to 999 (Debt Free)
NAUKRI 2024-09: Zero interest expense, ICR set to 999 (Debt Free)
NESTLEIND 2024-09: Zero interest expense, ICR set to 999 (Debt Free)
NHPC 2024-09: Zero interest expense, ICR set to 999 (Debt Free)
NTPC 2024-09: Zero interest expense, ICR set to 999 (Debt Free)
ONGC 2024-09: Zero interest expense, ICR set to 999 (Debt Free)
PFC 2024-09: Zero interest expense, ICR set to 999 (Debt Free)
PIDILITIND 2024-09: Zero interest expense, ICR set to 999 (Debt Free)
POWERGRID 2024-09: Zero interest expense, ICR set to 999 (Debt Free)
RECLTD 2024-09: Zero interest expense, ICR set to 999 (Debt Free)
RELIANCE 2024-09: Zero interest expense, ICR set to 999 (Debt Free)
SBILIFE 2020-03: Zero interest expense, ICR set to 999 (Debt Free)
SBILIFE 2021-03: Zero interest expense, ICR set to 999 (Debt Free)
SBILIFE 2022-03: Zero interest expense, ICR set to 999 (Debt Free)
SBILIFE 2024-09: Zero interest expense, ICR set to 999 (Debt Free)
SBIN 2013-03: Negative or zero equity (nan), ROE set to None
SBIN 2014-03: Negative or zero equity (nan), ROE set to None
SBIN 2015-03: Negative or zero equity (nan), ROE set to None
SBIN 2016-03: Negative or zero equity (nan), ROE set to None
SBIN 2017-03: Negative or zero equity (nan), ROE set to None
SBIN 2018-03: Negative or zero equity (nan), ROE set to None
SBIN 2019-03: Negative or zero equity (nan), ROE set to None
SBIN 2020-03: Negative or zero equity (nan), ROE set to None
SBIN 2021-03: Negative or zero equity (nan), ROE set to None
SBIN 2022-03: Negative or zero equity (nan), ROE set to None
SBIN 2023-03: Negative or zero equity (nan), ROE set to None
SBIN 2024-03: Negative or zero equity (nan), ROE set to None
SHREECEM 2024-09: Zero interest expense, ICR set to 999 (Debt Free)
SHRIRAMFIN 2024-09: Zero interest expense, ICR set to 999 (Debt Free)
SUNPHARMA 2024-09: Zero interest expense, ICR set to 999 (Debt Free)
TATACONSUM 2024-09: Zero interest expense, ICR set to 999 (Debt Free)
TATAMOTORS 2024-09: Zero interest expense, ICR set to 999 (Debt Free)
TATAPOWER 2024-09: Zero interest expense, ICR set to 999 (Debt Free)
TATASTEEL 2024-09: Zero interest expense, ICR set to 999 (Debt Free)
TCS 2024-09: Zero interest expense, ICR set to 999 (Debt Free)
TECHM 2024-09: Zero interest expense, ICR set to 999 (Debt Free)
TITAN 2024-09: Zero interest expense, ICR set to 999 (Debt Free)
TORNTPHARM 2024-09: Zero interest expense, ICR set to 999 (Debt Free)
TRENT 2024-09: Zero interest expense, ICR set to 999 (Debt Free)
TVSMOTOR 2024-09: Zero interest expense, ICR set to 999 (Debt Free)